Sep-30 17:56:28.929 [main] DEBUG nextflow.cli.Launcher - $> nextflow run . -profile test,apptainer --samplesheet tests/data/short/samplesheet.csv --run_id reviewer_short --shortreads true
Sep-30 17:56:28.989 [main] DEBUG nextflow.cli.CmdRun - N E X T F L O W  ~  version 26.04.0
Sep-30 17:56:29.014 [main] DEBUG nextflow.plugin.PluginsFacade - Setting up plugin manager > mode=prod; embedded=false; plugins-dir=/home/acicalo/.nextflow/plugins; core-plugins: nf-amazon@3.9.0,nf-azure@1.22.2,nf-cloudcache@0.6.0,nf-codecommit@0.5.1,nf-console@1.3.0,nf-google@1.27.2,nf-k8s@1.5.2,nf-seqera@0.19.0,nf-tower@1.27.0,nf-wave@1.20.0
Sep-30 17:56:29.036 [main] INFO  o.pf4j.DefaultPluginStatusProvider - Enabled plugins: []
Sep-30 17:56:29.037 [main] INFO  o.pf4j.DefaultPluginStatusProvider - Disabled plugins: []
Sep-30 17:56:29.039 [main] INFO  org.pf4j.DefaultPluginManager - PF4J version 3.14.1 in 'deployment' mode
Sep-30 17:56:29.048 [main] DEBUG nextflow.util.RetryConfig - Missing nextflow session - using default retry config
Sep-30 17:56:29.125 [main] DEBUG nextflow.plugin.PluginUpdater - Using plugin repository: HttpPluginRepository [registry]; url=https://registry.nextflow.io/api
Sep-30 17:56:29.128 [main] INFO  org.pf4j.AbstractPluginManager - No plugins
Sep-30 17:56:29.144 [main] DEBUG nextflow.scm.AssetManager - Selecting multi-revision strategy
Sep-30 17:56:29.150 [main] DEBUG nextflow.config.ConfigParserFactory - Using config parser v2
Sep-30 17:56:29.384 [main] DEBUG nextflow.config.ConfigBuilder - Found config local: /data/github/MANUSCRIPT_ALL_IN_ONE/All_In_One/nextflow.config
Sep-30 17:56:29.385 [main] DEBUG nextflow.config.ConfigBuilder - Parsing config file: /data/github/MANUSCRIPT_ALL_IN_ONE/All_In_One/nextflow.config
Sep-30 17:56:29.386 [main] DEBUG nextflow.config.ConfigParserFactory - Using config parser v2
Sep-30 17:56:29.392 [main] DEBUG nextflow.config.ConfigBuilder - Applying config profile: `test,apptainer`
Sep-30 17:56:29.740 [main] DEBUG nextflow.config.ConfigBuilder - Available config profiles: [local, slurm, conda, docker, apptainer, offline, test]
Sep-30 17:56:29.761 [main] DEBUG nextflow.plugin.PluginsFacade - Plugins default=[]
Sep-30 17:56:29.761 [main] DEBUG nextflow.plugin.PluginsFacade - Plugins resolved requirement=[]
Sep-30 17:56:29.770 [main] DEBUG n.secret.LocalSecretsProvider - Secrets store: /home/acicalo/.nextflow/secrets/store.json
Sep-30 17:56:29.772 [main] DEBUG nextflow.secret.SecretsLoader - Discovered secrets providers: [nextflow.secret.LocalSecretsProvider@76e90da5] - activable => nextflow.secret.LocalSecretsProvider@76e90da5
Sep-30 17:56:29.784 [main] DEBUG nextflow.cli.CmdRun - Launching `./main.nf` [happy_magritte] - revision: a2f8408018
Sep-30 17:56:29.837 [main] DEBUG nextflow.Session - Session UUID: 08a9773f-2daa-4d85-a406-f4e45ea7e2fa
Sep-30 17:56:29.837 [main] DEBUG nextflow.Session - Run name: happy_magritte
Sep-30 17:56:29.837 [main] DEBUG nextflow.Session - Executor pool size: 32
Sep-30 17:56:29.842 [main] DEBUG nextflow.file.FilePorter - File porter settings maxRetries=3; maxTransfers=50; pollTimeout=null
Sep-30 17:56:29.846 [main] DEBUG nextflow.util.ThreadPoolBuilder - Creating thread pool 'FileTransfer' minSize=10; maxSize=96; workQueue=LinkedBlockingQueue[-1]; allowCoreThreadTimeout=false
Sep-30 17:56:29.903 [main] DEBUG nextflow.cli.CmdRun - 
  Version: 26.04.0 build 12031
  Created: 29-04-2026 04:00 UTC (00:00 EDT)
  System: Linux 5.14.0-687.51.1.el9_8.x86_64
  Runtime: Groovy 4.0.31 on OpenJDK 64-Bit Server VM 23.0.2-internal-adhoc.conda.src
  Encoding: UTF-8 (UTF-8)
  Process: 1016554@nmrcnb111725.genomics.local [10.0.0.168]
  CPUs: 32 - Mem: 62.5 GB (1.1 GB) - Swap: 15.6 GB (12.9 GB)
Sep-30 17:56:29.917 [main] DEBUG nextflow.Session - Work-dir: /data/github/MANUSCRIPT_ALL_IN_ONE/All_In_One/work [xfs]
Sep-30 17:56:29.917 [main] DEBUG nextflow.Session - Script base path does not exist or is not a directory: /data/github/MANUSCRIPT_ALL_IN_ONE/All_In_One/bin
Sep-30 17:56:29.923 [main] DEBUG nextflow.executor.ExecutorFactory - Extension executors providers=[]
Sep-30 17:56:29.928 [main] DEBUG nextflow.Session - Observer factory (v2): LinObserverFactory
Sep-30 17:56:29.929 [main] DEBUG nextflow.Session - Observer factory (v2): DefaultObserverFactory
Sep-30 17:56:29.952 [main] DEBUG nextflow.cache.CacheFactory - Using Nextflow cache factory: nextflow.cache.DefaultCacheFactory
Sep-30 17:56:29.957 [main] DEBUG nextflow.util.CustomThreadPool - Creating default thread pool > poolSize: 33; maxThreads: 1000
Sep-30 17:56:30.008 [main] DEBUG nextflow.Session - Session start
Sep-30 17:56:30.012 [main] DEBUG nextflow.trace.TraceFileObserver - Workflow started -- trace file: /data/github/MANUSCRIPT_ALL_IN_ONE/All_In_One/test_results/pipeline_2026-09-30_17-56-29.trace
Sep-30 17:56:30.014 [main] DEBUG nextflow.script.ScriptLoaderFactory - Using script parser v2
Sep-30 17:56:32.258 [main] DEBUG nextflow.script.ScriptRunner - > Launching execution
Sep-30 17:56:32.621 [main] DEBUG n.script.dsl.ProcessConfigBuilder - Config settings `withName:Interleave` matches process QC_Workflow:Interleave
Sep-30 17:56:32.622 [main] DEBUG n.script.dsl.ProcessConfigBuilder - Config settings `withName:QC_Workflow:Interleave` matches process QC_Workflow:Interleave
Sep-30 17:56:32.624 [main] DEBUG nextflow.executor.ExecutorFactory - << taskConfig executor: null
Sep-30 17:56:32.624 [main] DEBUG nextflow.executor.ExecutorFactory - >> processorType: 'local'
Sep-30 17:56:32.628 [main] DEBUG nextflow.executor.Executor - [warm up] executor > local
Sep-30 17:56:32.632 [main] DEBUG n.processor.LocalPollingMonitor - Creating local task monitor for executor 'local' > cpus=32; memory=62.5 GB; capacity=32; pollInterval=100ms; dumpInterval=5m
Sep-30 17:56:32.633 [main] DEBUG n.processor.TaskPollingMonitor - >>> barrier register (monitor: local)
Sep-30 17:56:32.653 [main] DEBUG nextflow.processor.TaskProcessor - Creating process 'QC_Workflow:Interleave': maxForks=0; fair=false; array=0
Sep-30 17:56:32.668 [main] DEBUG n.script.dsl.ProcessConfigBuilder - Config settings `withName:Pretrim_fastqc_merged` matches process QC_Workflow:Pretrim_fastqc_merged
Sep-30 17:56:32.670 [main] DEBUG n.script.dsl.ProcessConfigBuilder - Config settings `withName:QC_Workflow:Pretrim_fastqc_merged` matches process QC_Workflow:Pretrim_fastqc_merged
Sep-30 17:56:32.672 [main] DEBUG nextflow.executor.ExecutorFactory - << taskConfig executor: null
Sep-30 17:56:32.672 [main] DEBUG nextflow.executor.ExecutorFactory - >> processorType: 'local'
Sep-30 17:56:32.672 [main] DEBUG nextflow.processor.TaskProcessor - Creating process 'QC_Workflow:Pretrim_fastqc_merged': maxForks=0; fair=false; array=0
Sep-30 17:56:32.675 [main] DEBUG n.script.dsl.ProcessConfigBuilder - Config settings `withName:Pretrim_NanoPlot` matches process QC_Workflow:Pretrim_NanoPlot
Sep-30 17:56:32.676 [main] DEBUG n.script.dsl.ProcessConfigBuilder - Config settings `withName:QC_Workflow:Pretrim_NanoPlot` matches process QC_Workflow:Pretrim_NanoPlot
Sep-30 17:56:32.676 [main] DEBUG nextflow.executor.ExecutorFactory - << taskConfig executor: null
Sep-30 17:56:32.676 [main] DEBUG nextflow.executor.ExecutorFactory - >> processorType: 'local'
Sep-30 17:56:32.677 [main] DEBUG nextflow.processor.TaskProcessor - Creating process 'QC_Workflow:Pretrim_NanoPlot': maxForks=0; fair=false; array=0
Sep-30 17:56:32.679 [main] DEBUG n.script.dsl.ProcessConfigBuilder - Config settings `withName:Quality_Control` matches process QC_Workflow:Quality_Control
Sep-30 17:56:32.680 [main] DEBUG n.script.dsl.ProcessConfigBuilder - Config settings `withName:QC_Workflow:Quality_Control` matches process QC_Workflow:Quality_Control
Sep-30 17:56:32.681 [main] DEBUG nextflow.executor.ExecutorFactory - << taskConfig executor: null
Sep-30 17:56:32.681 [main] DEBUG nextflow.executor.ExecutorFactory - >> processorType: 'local'
Sep-30 17:56:32.682 [main] DEBUG nextflow.processor.TaskProcessor - Creating process 'QC_Workflow:Quality_Control': maxForks=0; fair=false; array=0
Sep-30 17:56:32.684 [main] DEBUG n.script.dsl.ProcessConfigBuilder - Config settings `withName:PoreChop` matches process QC_Workflow:PoreChop
Sep-30 17:56:32.684 [main] DEBUG n.script.dsl.ProcessConfigBuilder - Config settings `withName:QC_Workflow:PoreChop` matches process QC_Workflow:PoreChop
Sep-30 17:56:32.685 [main] DEBUG nextflow.executor.ExecutorFactory - << taskConfig executor: null
Sep-30 17:56:32.685 [main] DEBUG nextflow.executor.ExecutorFactory - >> processorType: 'local'
Sep-30 17:56:32.686 [main] DEBUG nextflow.processor.TaskProcessor - Creating process 'QC_Workflow:PoreChop': maxForks=0; fair=false; array=0
Sep-30 17:56:32.688 [main] DEBUG n.script.dsl.ProcessConfigBuilder - Config settings `withName:Fastp_LongReads` matches process QC_Workflow:Fastp_LongReads
Sep-30 17:56:32.689 [main] DEBUG n.script.dsl.ProcessConfigBuilder - Config settings `withName:QC_Workflow:Fastp_LongReads` matches process QC_Workflow:Fastp_LongReads
Sep-30 17:56:32.690 [main] DEBUG nextflow.executor.ExecutorFactory - << taskConfig executor: null
Sep-30 17:56:32.690 [main] DEBUG nextflow.executor.ExecutorFactory - >> processorType: 'local'
Sep-30 17:56:32.690 [main] DEBUG nextflow.processor.TaskProcessor - Creating process 'QC_Workflow:Fastp_LongReads': maxForks=0; fair=false; array=0
Sep-30 17:56:32.700 [main] DEBUG n.script.dsl.ProcessConfigBuilder - Config settings `withLabel:qc` matches labels `qc` for process with name QC_Workflow:Post_trim_fastqc
Sep-30 17:56:32.701 [main] DEBUG n.script.dsl.ProcessConfigBuilder - Config settings `withName:Post_trim_fastqc` matches process QC_Workflow:Post_trim_fastqc
Sep-30 17:56:32.701 [main] DEBUG n.script.dsl.ProcessConfigBuilder - Config settings `withName:QC_Workflow:Post_trim_fastqc` matches process QC_Workflow:Post_trim_fastqc
Sep-30 17:56:32.702 [main] DEBUG nextflow.executor.ExecutorFactory - << taskConfig executor: null
Sep-30 17:56:32.702 [main] DEBUG nextflow.executor.ExecutorFactory - >> processorType: 'local'
Sep-30 17:56:32.703 [main] DEBUG nextflow.processor.TaskProcessor - Creating process 'QC_Workflow:Post_trim_fastqc': maxForks=0; fair=false; array=0
Sep-30 17:56:32.707 [main] DEBUG n.script.dsl.ProcessConfigBuilder - Config settings `withLabel:qc` matches labels `qc` for process with name QC_Workflow:Multiqc_QC_Stats
Sep-30 17:56:32.707 [main] DEBUG n.script.dsl.ProcessConfigBuilder - Config settings `withName:Multiqc_QC_Stats` matches process QC_Workflow:Multiqc_QC_Stats
Sep-30 17:56:32.708 [main] DEBUG nextflow.executor.ExecutorFactory - << taskConfig executor: null
Sep-30 17:56:32.709 [main] DEBUG nextflow.executor.ExecutorFactory - >> processorType: 'local'
Sep-30 17:56:32.709 [main] DEBUG nextflow.processor.TaskProcessor - Creating process 'QC_Workflow:Multiqc_QC_Stats': maxForks=0; fair=false; array=0
Sep-30 17:56:32.729 [main] DEBUG n.script.dsl.ProcessConfigBuilder - Config settings `withName:Read_Distribution` matches process Read_Distribution
Sep-30 17:56:32.730 [main] DEBUG nextflow.executor.ExecutorFactory - << taskConfig executor: null
Sep-30 17:56:32.730 [main] DEBUG nextflow.executor.ExecutorFactory - >> processorType: 'local'
Sep-30 17:56:32.730 [main] DEBUG nextflow.processor.TaskProcessor - Creating process 'Read_Distribution': maxForks=0; fair=false; array=0
Sep-30 17:56:32.754 [main] DEBUG nextflow.Session - Process names: CONTIG_based_analysis:MLST, CheckM2_Assemblies, QC_Workflow:Pretrim_fastqc_merged, Reads_Taxonomic_Classifier_Workflow:MASH, Post_host_remove_fastqc, MMSEQ_AllAssemblers:ES_SEARCH, PROKKA, Reads_Taxonomic_Classifier_Workflow:BRACKEN_ABUNDANCE, VS_Workflow:Map_Reads_2_Contigs_VS, Posttrim_NanoPlot_After_ReadDistribution, Reads_Taxonomic_Classifier_Workflow:SOURMASH_SKETCH, CONTIG_based_analysis:CheckM2_Assemblies, Reads_Taxonomic_Classifier_Workflow:READS_TAXONOMIC_CLASSIFIER_SUMMARY, Myloasm, MapReads_2_RefSeq:Map_Reads_2_RefSeq, PHISPY, AMRFINDER, Unicycler_Assembly_Hybrid, Fastq_2_Fasta, AMR_VF_BLAST, Dragonflye_Medaka_LR, Parse_MMseqs_Reads, LongRead_NanoPlot_QC_Stats, ClusterAssemblies, AMRFINDER_UNMAPPED, Assembly_Workflow:MetaSPAdes_Assembly, Autocycler_Workflow:AssembleMiniasm, Pull_Unassigned_MMseqs_Reads, AssembleMiniasm, Assembly_Workflow:Dragonflye_Medaka_LR, KRAKEN2_CLASSIFY, AMR_VF_BLAST_AMR, MLST, Dragonflye_LR, SOURMASH_SKETCH, Autocycler_Workflow:ClusterAssemblies, Assembly_Workflow:Unicycler_Assembly_Hybrid, QC_Workflow:Interleave, Reads_Taxonomic_Classifier_Workflow:TAXPASTA_METAPHLAN4, Assembly_Workflow:Dragonflye_Medaka_Hybrid, DAA2INFO_contigs_daa_file, Dragonflye_Raven, RGI_UNMAPPED, Autocycler_Workflow:CombineResolved, BlastX_reads, Fastcat_trim, BRACKEN_ABUNDANCE, VS_Workflow:Diamondview, Quality_Control, Map_Reads_2_Contigs, Remove_rRNA_Reads_Workflow:RiboDetector_Remove_rRNA_reads, Interleave, TAXPASTA_KRAKEN2, Pull_and_Parse_Unmapped_Reads, CONTIG_based_analysis:AMR_VF_BLAST_AMR, Reads_Taxonomic_Classifier_Workflow:KRAKEN2_KRONA_SNAPSHOT, QC_Workflow:PoreChop, Dragonflye_Medaka, Unicycler_Assembly, MMSEQS_CREATEDB_QUERY, Posttrim_NanoPlot, Autocycler_Workflow:SubsampleReads, RGI, AssembleFlye, TrimClusters, Remove_rRNA_Reads_Workflow:Remove_Common_Flora_rRNA_reads, CompressAssemblies, CheckV_Assemblies, SubsampleReads, VS_Workflow:Filter_Putative_Viruses_ALL, AssembleMyloasm, MASH, Reads_Taxonomic_Classifier_Workflow:SOURMASH_GATHER, Megan_ShortReads_WF:Meganize_ShortReads_BlastX, Assembly_Workflow:Spades, BlastX_Reads_Workflow:BlastX_reads, MMSEQ_AllAssemblers:ES_CREATEDB, PoreChop, MapReads_2_RefSeq:Multiqc_QC_host_removal, Post_removal_rRNA_reads_fastqc, Pretrim_fastqc, Reads_Taxonomic_Classifier_Workflow:SOURMASH_TAX_KREPORT, MMSEQS_SEARCH, Dorado_Split_BamFiles, Parse_BlastX_Contigs, Autocycler_Workflow:CompressAssemblies, Dragonflye_Raven_LR, Multiqc_QC_rRNA_removal, CONTIG_based_analysis:Map_Reads_2_Contigs, Meganize_LongReads_BlastX, AMR_VF_BLASTN_UNMAPPED, VS_Workflow:MMSEQ_AllReads:ES_CREATEDB, Assembly_Workflow:Plasmid_Spades, MOBSUITE, AMR_VF_BLAST_plasmids, Assembly_Workflow:Dragonflye_Raven_Hybrid, QC_Workflow:Fastp_LongReads, Autocycler_Workflow:ResolveClusters, ES_CREATEDB, Dragonflye_Raven_Hybrid, Reads_Taxonomic_Classifier_Workflow:KRAKEN2_CLASSIFY, Reads_Taxonomic_Classifier_Workflow:METAPHLAN4_CLASSIFY, Generate_VS_Outputs, KRAKEN2_KRONA, Split_BamFiles_Workflow:Dorado_Split_BamFiles, Multiqc_QC_host_removal, Reads_Taxonomic_Classifier_Workflow:KRAKEN2_KRONA, BUSCO, CONTIG_based_analysis:AMR_VF_BLAST_select_agents, VS_Workflow:Parse_MMseqs_Reads, ES_CONVERT, CONTIG_based_analysis:BLASTN_NT_contigs, MMSEQ_AllAssemblers:ES_CONVERT, MetaSPAdes_Assembly, READS_TAXONOMIC_CLASSIFIER_SUMMARY, QC_Workflow:Post_trim_fastqc, Dorado_Aligner, VS_Workflow:MMSEQ_AllReads:ES_SEARCH, Assembly_Workflow:Dragonflye_Hybrid, VS_Workflow:Pull_Unassigned_MMseqs_Blastx, Pretrim_NanoPlot, VS_Workflow:Pull_Unassigned_MMseqs_Reads, ES_SEARCH, Map_Reads_2_RefSeq, QC_Workflow:Quality_Control, CheckM_Assemblies, AMR_VF_BLAST_select_agents, Assembly_Workflow:Unicycler_Assembly_Short, EstimateGenomeSize, Autocycler_Workflow:EstimateGenomeSize, Diamondview, SOURMASH_GATHER, Meganize_ShortReads_BlastX, CONTIG_based_analysis:MOBSUITE, BLASTN_NT_contigs, Map_Reads_2_Contigs_VS, Autocycler_Workflow:TrimClusters, Parse_MMSEQ_Contigs, Assembly_Workflow:Myloasm, Dorado_Polisher, VS_Workflow:MMSEQ_AllReads:ES_CONVERT, Assembly_Workflow:Dragonflye_Raven_LR, Reads_Taxonomic_Classifier_Workflow:GOTTCHA_CLASSIFY, Fastp_LongReads, Read_Distribution, CONTIG_based_analysis:PHISPY, VS_Workflow:Generate_VS_Outputs, CONTIG_based_analysis:PROKKA, SOURMASH_TAX_KREPORT, BlastX_contigs, TAXPASTA_METAPHLAN4, CombineResolved, Remove_Common_Flora_rRNA_reads, CONTIG_based_analysis:AMR_VF_BLASTN_UNMAPPED, GE_SCREEN, Meganize_BlastX_Contigs, CONTIG_based_analysis:PLASME, Dragonflye_Hybrid, Dragonflye, PLASME, CONTIG_based_analysis:RGI_UNMAPPED, Remove_rRNA_Reads_Workflow:Post_removal_rRNA_reads_fastqc, UNMAPPED_LR_TO_FASTA, AMR_VF_BLAST_VF, KRAKEN2_KRONA_SNAPSHOT, Heatmap_Virusseeker, CONTIG_based_analysis:CheckV_Assemblies, Dragonflye_Medaka_Hybrid, QC_Workflow:Multiqc_QC_Stats, Reads_Taxonomic_Classifier_Workflow:TAXPASTA_KRAKEN2, CONTIG_based_analysis:AMR_VF_BLAST_plasmids, Autocycler_Workflow:AssembleMyloasm, MMSEQS_CONVERTALIS, VS_Workflow:Fastq_2_Fasta, CONTIG_based_analysis:AMRFINDER_UNMAPPED, CONTIG_based_analysis:BUSCO, CONTIG_based_analysis:RGI, Autocycler_Workflow:AssembleFlye, CONTIG_based_analysis:CheckM_Assemblies, Post_trim_fastqc, RiboDetector_Remove_rRNA_reads, MapReads_2_RefSeq:Post_host_remove_fastqc, Unicycler_Assembly_Short, VS_Workflow:Pull_and_Parse_Unmapped_Reads, ResolveClusters, Pretrim_fastqc_merged, Plasmid_Spades, Filter_Putative_Viruses_ALL, Multiqc_QC_Stats, Spades, CONTIG_based_analysis:UNMAPPED_LR_TO_FASTA, CONTIG_based_analysis:AMR_VF_BLAST_VF, QC_Workflow:Pretrim_NanoPlot, Merge_Arc, GOTTCHA_CLASSIFY, CONTIG_based_analysis:AMRFINDER, Megan_LongReads_WF:Meganize_LongReads_BlastX, Remove_rRNA_Reads_Workflow:Multiqc_QC_rRNA_removal, Pull_Unassigned_MMseqs_Blastx, METAPHLAN4_CLASSIFY, Assembly_Workflow:Dragonflye_LR
Sep-30 17:56:32.770 [main] DEBUG nextflow.Session - Igniting dataflow network (29)
Sep-30 17:56:32.773 [main] DEBUG nextflow.processor.TaskProcessor - Starting process > QC_Workflow:Interleave
Sep-30 17:56:32.774 [main] DEBUG nextflow.processor.TaskProcessor - Starting process > QC_Workflow:Pretrim_fastqc_merged
Sep-30 17:56:32.774 [main] DEBUG nextflow.processor.TaskProcessor - Starting process > QC_Workflow:Pretrim_NanoPlot
Sep-30 17:56:32.774 [main] DEBUG nextflow.processor.TaskProcessor - Starting process > QC_Workflow:Quality_Control
Sep-30 17:56:32.774 [main] DEBUG nextflow.processor.TaskProcessor - Starting process > QC_Workflow:PoreChop
Sep-30 17:56:32.774 [main] DEBUG nextflow.processor.TaskProcessor - Starting process > QC_Workflow:Fastp_LongReads
Sep-30 17:56:32.774 [main] DEBUG nextflow.processor.TaskProcessor - Starting process > QC_Workflow:Post_trim_fastqc
Sep-30 17:56:32.774 [main] DEBUG nextflow.processor.TaskProcessor - Starting process > QC_Workflow:Multiqc_QC_Stats
Sep-30 17:56:32.774 [main] DEBUG nextflow.processor.TaskProcessor - Starting process > Read_Distribution
Sep-30 17:56:32.775 [main] DEBUG nextflow.script.ScriptRunner - Parsed script files:
  _nf_script_20305570258358e3: /data/github/MANUSCRIPT_ALL_IN_ONE/All_In_One/workflows/mmseqs/mmseqs_reads.nf
  _nf_script_e3fa72cb34fa6567: /data/github/MANUSCRIPT_ALL_IN_ONE/All_In_One/workflows/contigs_based_analysis.nf
  _nf_script_177cfd6f82019bc7: /data/github/MANUSCRIPT_ALL_IN_ONE/All_In_One/workflows/autocycler_wf.nf
  _nf_script_522cec2ebfb81728: /data/github/MANUSCRIPT_ALL_IN_ONE/All_In_One/workflows/dorado_polish.nf
  _nf_script_02b8f41fe3dc177e: /data/github/MANUSCRIPT_ALL_IN_ONE/All_In_One/workflows/modules/local/remove_rRNA_from_reads/main.nf
  _nf_script_a369b74b1d0230fe: /data/github/MANUSCRIPT_ALL_IN_ONE/All_In_One/workflows/modules/local/contig_characterization/main_contigs.nf
  _nf_script_1c9a9fee8ea3e2a9: /data/github/MANUSCRIPT_ALL_IN_ONE/All_In_One/workflows/megan_workflow/main.nf
  _nf_script_323ddd4ef94014ce: /data/github/MANUSCRIPT_ALL_IN_ONE/All_In_One/workflows/modules/local/map2refseq/main.nf
  _nf_script_8310e4e042a7be66: /data/github/MANUSCRIPT_ALL_IN_ONE/All_In_One/workflows/qc.nf
  _nf_script_f88f91adbf944273: /data/github/MANUSCRIPT_ALL_IN_ONE/All_In_One/workflows/modules/local/blastx/main.nf
  _nf_script_5e8d73e56b408a5e: /data/github/MANUSCRIPT_ALL_IN_ONE/All_In_One/workflows/assembly.nf
  _nf_script_4e183f2ebe6877f9: /data/github/MANUSCRIPT_ALL_IN_ONE/All_In_One/workflows/modules/local/dorado_polish/main.nf
  _nf_script_49100a7afeeed784: /data/github/MANUSCRIPT_ALL_IN_ONE/All_In_One/workflows/modules/local/checkm/main.nf
  _nf_script_eba102eb1f91c987: /data/github/MANUSCRIPT_ALL_IN_ONE/All_In_One/workflows/modules/local/assembler/main.nf
  _nf_script_70b98d98aa5c2f3b: /data/github/MANUSCRIPT_ALL_IN_ONE/All_In_One/workflows/modules/local/qc/main.nf
  _nf_script_6f0769c6e822da3b: /data/github/MANUSCRIPT_ALL_IN_ONE/All_In_One/workflows/mmseqs/mmseq_allassemblers.nf
  _nf_script_66c9ca586c8db1df: /data/github/MANUSCRIPT_ALL_IN_ONE/All_In_One/workflows/modules/local/virusseeker/main.nf
  _nf_script_b3a466d65fdece23: /data/github/MANUSCRIPT_ALL_IN_ONE/All_In_One/workflows/reads_taxonomic_classifier.nf
  _nf_script_108c26bd555f235e: /data/github/MANUSCRIPT_ALL_IN_ONE/All_In_One/workflows/BlastX_Reads.nf
  _nf_script_b9db90cad048776d: /data/github/MANUSCRIPT_ALL_IN_ONE/All_In_One/workflows/modules/local/autocycler/main.nf
  _nf_script_607f3e516122d982: /data/github/MANUSCRIPT_ALL_IN_ONE/All_In_One/workflows/modules/local/mmseq/mmseq_main.nf
  _nf_script_a77117612174f85c: /data/github/MANUSCRIPT_ALL_IN_ONE/All_In_One/workflows/MapReads2RefSeq.nf
  Main: /data/github/MANUSCRIPT_ALL_IN_ONE/All_In_One/main.nf
  _nf_script_449f406f22c482fd: /data/github/MANUSCRIPT_ALL_IN_ONE/All_In_One/workflows/VS_calls.nf
  _nf_script_9f9113ffb14634ba: /data/github/MANUSCRIPT_ALL_IN_ONE/All_In_One/workflows/Remove_rRNA_wf.nf
Sep-30 17:56:32.775 [main] DEBUG nextflow.script.ScriptRunner - > Awaiting termination 
Sep-30 17:56:32.775 [main] DEBUG nextflow.Session - Session await
Sep-30 17:56:32.832 [Actor Thread 30] WARN  nextflow.container.SingularityCache - Apptainer cache directory has not been defined -- Remote image will be stored in the path: /data/github/MANUSCRIPT_ALL_IN_ONE/All_In_One/work/singularity -- Use the environment variable NXF_APPTAINER_CACHEDIR to specify a different location
Sep-30 17:56:32.833 [Actor Thread 30] INFO  nextflow.container.SingularityCache - Pulling Apptainer image docker://ghcr.io/bdrd-genomics/allinone-aio_qc:latest [cache /data/github/MANUSCRIPT_ALL_IN_ONE/All_In_One/work/singularity/ghcr.io-bdrd-genomics-allinone-aio_qc-latest.img]
Sep-30 17:58:51.031 [SIGINT handler] DEBUG nextflow.Session - Session aborted -- Cause: SIGINT
Sep-30 17:58:51.041 [Task monitor] DEBUG n.processor.TaskPollingMonitor - <<< barrier arrives (monitor: local) - terminating tasks monitor poll loop
Sep-30 17:58:51.050 [SIGINT handler] DEBUG nextflow.Session - The following nodes are still active:
[process] QC_Workflow:Quality_Control
  status=ACTIVE
  port 0: (queue) closed; channel: -
  port 1: (cntrl) -     ; channel: $

[process] QC_Workflow:Post_trim_fastqc
  status=ACTIVE
  port 0: (queue) OPEN  ; channel: -
  port 1: (cntrl) -     ; channel: $

Sep-30 17:58:51.057 [SIGINT handler] DEBUG n.trace.WorkflowStatsObserver - Workflow completed > WorkflowStats[succeededCount=0; failedCount=0; ignoredCount=0; cachedCount=0; pendingCount=0; submittedCount=0; runningCount=0; retriesCount=0; abortedCount=0; succeedDuration=0ms; failedDuration=0ms; cachedDuration=0ms;loadCpus=0; loadMemory=0; peakRunning=0; peakCpus=0; peakMemory=0; ]
Sep-30 17:58:51.208 [SIGINT handler] DEBUG nextflow.trace.ReportObserver - Workflow completed -- rendering execution report
Sep-30 17:58:51.489 [SIGINT handler] INFO  nextflow.Session - Adieu
